Created new file in feature 2 file
